Component: ARM Compiler 5.06 update 1 (build 61) Tool: armlink [4d35a8]

==============================================================================

Section Cross References

    main.o(.text) refers to stm32f4xx_hal_uart.o(.text) for HAL_UART_Transmit
    main.o(.text) refers to stm32f4xx_hal_rcc.o(.text) for HAL_RCC_OscConfig
    main.o(.text) refers to stm32f4xx_hal_pwr_ex.o(.text) for HAL_PWREx_ActivateOverDrive
    main.o(.text) refers to stm32f4xx_hal.o(.text) for HAL_Init
    main.o(.text) refers to stm324x9i_eval.o(.text) for BSP_LED_Init
    main.o(.text) refers to printfb.o(i.__0printf$bare) for __2printf
    main.o(.text) refers to putc.o(i.putc) for putc
    main.o(.text) refers to stm324x9i_eval.o(.bss) for UartHandle1
    main.o(.text) refers to stdout.o(.data) for __stdout
    stm32f4xx_hal_msp.o(.text) refers to stm32f4xx_hal_gpio.o(.text) for HAL_GPIO_Init
    stm32f4xx_hal_msp.o(.text) refers to stm32f4xx_hal_cortex.o(.text) for HAL_NVIC_SetPriority
    stm32f4xx_it.o(.text) refers to stm32f4xx_hal_uart.o(.text) for HAL_UART_IRQHandler
    stm32f4xx_it.o(.text) refers to stm324x9i_eval.o(.bss) for UartHandle1
    stm324x9i_eval.o(.text) refers to stm32f4xx_hal_gpio.o(.text) for HAL_GPIO_Init
    stm324x9i_eval.o(.text) refers to stm32f4xx_hal_cortex.o(.text) for HAL_NVIC_SetPriority
    stm324x9i_eval.o(.text) refers to stm32f4xx_hal_uart.o(.text) for HAL_UART_Init
    stm324x9i_eval.o(.text) refers to printfa.o(i.__0vsprintf) for __c89vsprintf
    stm324x9i_eval.o(.text) refers to strlen.o(.text) for strlen
    stm324x9i_eval.o(.text) refers to putc.o(i.putc) for putc
    stm324x9i_eval.o(.text) refers to stm324x9i_eval.o(.constdata) for GPIO_PIN
    stm324x9i_eval.o(.text) refers to stm324x9i_eval.o(.data) for GPIO_PORT
    stm324x9i_eval.o(.text) refers to stm324x9i_eval.o(.bss) for UartHandle1
    stm324x9i_eval.o(.text) refers to stdout.o(.data) for __stdout
    stm32f4xx_hal.o(.text) refers to stm32f4xx_hal_rcc.o(.text) for HAL_RCC_GetHCLKFreq
    stm32f4xx_hal.o(.text) refers to stm32f4xx_hal_cortex.o(.text) for HAL_SYSTICK_Config
    stm32f4xx_hal.o(.text) refers to stm32f4xx_hal.o(.data) for uwTick
    stm32f4xx_hal_dma.o(.text) refers to stm32f4xx_hal.o(.text) for HAL_GetTick
    stm32f4xx_hal_pwr_ex.o(.text) refers to stm32f4xx_hal.o(.text) for HAL_GetTick
    stm32f4xx_hal_rcc.o(.text) refers to stm32f4xx_hal.o(.text) for HAL_GetTick
    stm32f4xx_hal_rcc.o(.text) refers to stm32f4xx_hal_gpio.o(.text) for HAL_GPIO_Init
    stm32f4xx_hal_rcc.o(.text) refers to stm32f4xx_hal_rcc.o(.constdata) for APBAHBPrescTable
    stm32f4xx_hal_rcc.o(.text) refers to system_stm32f4xx.o(.data) for SystemCoreClock
    stm32f4xx_hal_rcc_ex.o(.text) refers to stm32f4xx_hal.o(.text) for HAL_GetTick
    stm32f4xx_hal_uart.o(.text) refers to stm32f4xx_hal_rcc.o(.text) for HAL_RCC_GetPCLK2Freq
    stm32f4xx_hal_uart.o(.text) refers to stm32f4xx_hal_msp.o(.text) for HAL_UART_MspInit
    stm32f4xx_hal_uart.o(.text) refers to stm32f4xx_hal.o(.text) for HAL_GetTick
    stm32f4xx_hal_uart.o(.text) refers to main.o(.text) for HAL_UART_ErrorCallback
    stm32f4xx_hal_uart.o(.text) refers to stm32f4xx_hal_dma.o(.text) for HAL_DMA_Start_IT
    startup_stm32f429xx.o(RESET) refers to startup_stm32f429xx.o(STACK) for __initial_sp
    startup_stm32f429xx.o(RESET) refers to startup_stm32f429xx.o(.text) for Reset_Handler
    startup_stm32f429xx.o(RESET) refers to stm32f4xx_it.o(.text) for NMI_Handler
    startup_stm32f429xx.o(.text) refers to system_stm32f4xx.o(.text) for SystemInit
    startup_stm32f429xx.o(.text) refers to entry.o(.ARM.Collect$$$$00000000) for __main
    system_stm32f4xx.o(.text) refers to system_stm32f4xx.o(.data) for SystemCoreClock
    entry.o(.ARM.Collect$$$$00000000) refers (Special) to entry10a.o(.ARM.Collect$$$$0000000D) for __rt_final_cpp
    entry.o(.ARM.Collect$$$$00000000) refers (Special) to entry11a.o(.ARM.Collect$$$$0000000F) for __rt_final_exit
    entry.o(.ARM.Collect$$$$00000000) refers (Special) to entry7b.o(.ARM.Collect$$$$00000008) for _main_clock
    entry.o(.ARM.Collect$$$$00000000) refers (Special) to entry8b.o(.ARM.Collect$$$$0000000A) for _main_cpp_init
    entry.o(.ARM.Collect$$$$00000000) refers (Special) to entry9a.o(.ARM.Collect$$$$0000000B) for _main_init
    entry.o(.ARM.Collect$$$$00000000) refers (Special) to entry5.o(.ARM.Collect$$$$00000004) for _main_scatterload
    entry.o(.ARM.Collect$$$$00000000) refers (Special) to entry2.o(.ARM.Collect$$$$00000001) for _main_stk
    putc.o(i.putc) refers to main.o(.text) for fputc
    printfb.o(i.__0fprintf$bare) refers to printfb.o(i._printf_core) for _printf_core
    printfb.o(i.__0fprintf$bare) refers to main.o(.text) for fputc
    printfb.o(i.__0printf$bare) refers to printfb.o(i._printf_core) for _printf_core
    printfb.o(i.__0printf$bare) refers to main.o(.text) for fputc
    printfb.o(i.__0printf$bare) refers to stdout.o(.data) for __stdout
    printfb.o(i.__0snprintf$bare) refers to printfb.o(i._printf_core) for _printf_core
    printfb.o(i.__0snprintf$bare) refers to printfb.o(i._snputc) for _snputc
    printfb.o(i.__0sprintf$bare) refers to printfb.o(i._printf_core) for _printf_core
    printfb.o(i.__0sprintf$bare) refers to printfb.o(i._sputc) for _sputc
    printfb.o(i.__0vfprintf$bare) refers to printfb.o(i._printf_core) for _printf_core
    printfb.o(i.__0vfprintf$bare) refers to main.o(.text) for fputc
    printfb.o(i.__0vprintf$bare) refers to printfb.o(i._printf_core) for _printf_core
    printfb.o(i.__0vprintf$bare) refers to main.o(.text) for fputc
    printfb.o(i.__0vprintf$bare) refers to stdout.o(.data) for __stdout
    printfb.o(i.__0vsnprintf$bare) refers to printfb.o(i._printf_core) for _printf_core
    printfb.o(i.__0vsnprintf$bare) refers to printfb.o(i._snputc) for _snputc
    printfb.o(i.__0vsprintf$bare) refers to printfb.o(i._printf_core) for _printf_core
    printfb.o(i.__0vsprintf$bare) refers to printfb.o(i._sputc) for _sputc
    printf0.o(i.__0fprintf$0) refers to printf0.o(i._printf_core) for _printf_core
    printf0.o(i.__0fprintf$0) refers to main.o(.text) for fputc
    printf0.o(i.__0printf$0) refers to printf0.o(i._printf_core) for _printf_core
    printf0.o(i.__0printf$0) refers to main.o(.text) for fputc
    printf0.o(i.__0printf$0) refers to stdout.o(.data) for __stdout
    printf0.o(i.__0snprintf$0) refers to printf0.o(i._printf_core) for _printf_core
    printf0.o(i.__0snprintf$0) refers to printf0.o(i._snputc) for _snputc
    printf0.o(i.__0sprintf$0) refers to printf0.o(i._printf_core) for _printf_core
    printf0.o(i.__0sprintf$0) refers to printf0.o(i._sputc) for _sputc
    printf0.o(i.__0vfprintf$0) refers to printf0.o(i._printf_core) for _printf_core
    printf0.o(i.__0vfprintf$0) refers to main.o(.text) for fputc
    printf0.o(i.__0vprintf$0) refers to printf0.o(i._printf_core) for _printf_core
    printf0.o(i.__0vprintf$0) refers to main.o(.text) for fputc
    printf0.o(i.__0vprintf$0) refers to stdout.o(.data) for __stdout
    printf0.o(i.__0vsnprintf$0) refers to printf0.o(i._printf_core) for _printf_core
    printf0.o(i.__0vsnprintf$0) refers to printf0.o(i._snputc) for _snputc
    printf0.o(i.__0vsprintf$0) refers to printf0.o(i._printf_core) for _printf_core
    printf0.o(i.__0vsprintf$0) refers to printf0.o(i._sputc) for _sputc
    printf1.o(i.__0fprintf$1) refers to printf1.o(i._printf_core) for _printf_core
    printf1.o(i.__0fprintf$1) refers to main.o(.text) for fputc
    printf1.o(i.__0printf$1) refers to printf1.o(i._printf_core) for _printf_core
    printf1.o(i.__0printf$1) refers to main.o(.text) for fputc
    printf1.o(i.__0printf$1) refers to stdout.o(.data) for __stdout
    printf1.o(i.__0snprintf$1) refers to printf1.o(i._printf_core) for _printf_core
    printf1.o(i.__0snprintf$1) refers to printf1.o(i._snputc) for _snputc
    printf1.o(i.__0sprintf$1) refers to printf1.o(i._printf_core) for _printf_core
    printf1.o(i.__0sprintf$1) refers to printf1.o(i._sputc) for _sputc
    printf1.o(i.__0vfprintf$1) refers to printf1.o(i._printf_core) for _printf_core
    printf1.o(i.__0vfprintf$1) refers to main.o(.text) for fputc
    printf1.o(i.__0vprintf$1) refers to printf1.o(i._printf_core) for _printf_core
    printf1.o(i.__0vprintf$1) refers to main.o(.text) for fputc
    printf1.o(i.__0vprintf$1) refers to stdout.o(.data) for __stdout
    printf1.o(i.__0vsnprintf$1) refers to printf1.o(i._printf_core) for _printf_core
    printf1.o(i.__0vsnprintf$1) refers to printf1.o(i._snputc) for _snputc
    printf1.o(i.__0vsprintf$1) refers to printf1.o(i._printf_core) for _printf_core
    printf1.o(i.__0vsprintf$1) refers to printf1.o(i._sputc) for _sputc
    printf1.o(i._printf_core) refers to uidiv.o(.text) for __aeabi_uidivmod
    printf2.o(i.__0fprintf$2) refers to printf2.o(i._printf_core) for _printf_core
    printf2.o(i.__0fprintf$2) refers to main.o(.text) for fputc
    printf2.o(i.__0printf$2) refers to printf2.o(i._printf_core) for _printf_core
    printf2.o(i.__0printf$2) refers to main.o(.text) for fputc
    printf2.o(i.__0printf$2) refers to stdout.o(.data) for __stdout
    printf2.o(i.__0snprintf$2) refers to printf2.o(i._printf_core) for _printf_core
    printf2.o(i.__0snprintf$2) refers to printf2.o(i._snputc) for _snputc
    printf2.o(i.__0sprintf$2) refers to printf2.o(i._printf_core) for _printf_core
    printf2.o(i.__0sprintf$2) refers to printf2.o(i._sputc) for _sputc
    printf2.o(i.__0vfprintf$2) refers to printf2.o(i._printf_core) for _printf_core
    printf2.o(i.__0vfprintf$2) refers to main.o(.text) for fputc
    printf2.o(i.__0vprintf$2) refers to printf2.o(i._printf_core) for _printf_core
    printf2.o(i.__0vprintf$2) refers to main.o(.text) for fputc
    printf2.o(i.__0vprintf$2) refers to stdout.o(.data) for __stdout
    printf2.o(i.__0vsnprintf$2) refers to printf2.o(i._printf_core) for _printf_core
    printf2.o(i.__0vsnprintf$2) refers to printf2.o(i._snputc) for _snputc
    printf2.o(i.__0vsprintf$2) refers to printf2.o(i._printf_core) for _printf_core
    printf2.o(i.__0vsprintf$2) refers to printf2.o(i._sputc) for _sputc
    printf3.o(i.__0fprintf$3) refers to printf3.o(i._printf_core) for _printf_core
    printf3.o(i.__0fprintf$3) refers to main.o(.text) for fputc
    printf3.o(i.__0printf$3) refers to printf3.o(i._printf_core) for _printf_core
    printf3.o(i.__0printf$3) refers to main.o(.text) for fputc
    printf3.o(i.__0printf$3) refers to stdout.o(.data) for __stdout
    printf3.o(i.__0snprintf$3) refers to printf3.o(i._printf_core) for _printf_core
    printf3.o(i.__0snprintf$3) refers to printf3.o(i._snputc) for _snputc
    printf3.o(i.__0sprintf$3) refers to printf3.o(i._printf_core) for _printf_core
    printf3.o(i.__0sprintf$3) refers to printf3.o(i._sputc) for _sputc
    printf3.o(i.__0vfprintf$3) refers to printf3.o(i._printf_core) for _printf_core
    printf3.o(i.__0vfprintf$3) refers to main.o(.text) for fputc
    printf3.o(i.__0vprintf$3) refers to printf3.o(i._printf_core) for _printf_core
    printf3.o(i.__0vprintf$3) refers to main.o(.text) for fputc
    printf3.o(i.__0vprintf$3) refers to stdout.o(.data) for __stdout
    printf3.o(i.__0vsnprintf$3) refers to printf3.o(i._printf_core) for _printf_core
    printf3.o(i.__0vsnprintf$3) refers to printf3.o(i._snputc) for _snputc
    printf3.o(i.__0vsprintf$3) refers to printf3.o(i._printf_core) for _printf_core
    printf3.o(i.__0vsprintf$3) refers to printf3.o(i._sputc) for _sputc
    printf3.o(i._printf_core) refers to uidiv.o(.text) for __aeabi_uidivmod
    printf4.o(i.__0fprintf$4) refers to printf4.o(i._printf_core) for _printf_core
    printf4.o(i.__0fprintf$4) refers to main.o(.text) for fputc
    printf4.o(i.__0printf$4) refers to printf4.o(i._printf_core) for _printf_core
    printf4.o(i.__0printf$4) refers to main.o(.text) for fputc
    printf4.o(i.__0printf$4) refers to stdout.o(.data) for __stdout
    printf4.o(i.__0snprintf$4) refers to printf4.o(i._printf_core) for _printf_core
    printf4.o(i.__0snprintf$4) refers to printf4.o(i._snputc) for _snputc
    printf4.o(i.__0sprintf$4) refers to printf4.o(i._printf_core) for _printf_core
    printf4.o(i.__0sprintf$4) refers to printf4.o(i._sputc) for _sputc
    printf4.o(i.__0vfprintf$4) refers to printf4.o(i._printf_core) for _printf_core
    printf4.o(i.__0vfprintf$4) refers to main.o(.text) for fputc
    printf4.o(i.__0vprintf$4) refers to printf4.o(i._printf_core) for _printf_core
    printf4.o(i.__0vprintf$4) refers to main.o(.text) for fputc
    printf4.o(i.__0vprintf$4) refers to stdout.o(.data) for __stdout
    printf4.o(i.__0vsnprintf$4) refers to printf4.o(i._printf_core) for _printf_core
    printf4.o(i.__0vsnprintf$4) refers to printf4.o(i._snputc) for _snputc
    printf4.o(i.__0vsprintf$4) refers to printf4.o(i._printf_core) for _printf_core
    printf4.o(i.__0vsprintf$4) refers to printf4.o(i._sputc) for _sputc
    printf4.o(i._printf_core) refers to uldiv.o(.text) for __aeabi_uldivmod
    printf5.o(i.__0fprintf$5) refers to printf5.o(i._printf_core) for _printf_core
    printf5.o(i.__0fprintf$5) refers to main.o(.text) for fputc
    printf5.o(i.__0printf$5) refers to printf5.o(i._printf_core) for _printf_core
    printf5.o(i.__0printf$5) refers to main.o(.text) for fputc
    printf5.o(i.__0printf$5) refers to stdout.o(.data) for __stdout
    printf5.o(i.__0snprintf$5) refers to printf5.o(i._printf_core) for _printf_core
    printf5.o(i.__0snprintf$5) refers to printf5.o(i._snputc) for _snputc
    printf5.o(i.__0sprintf$5) refers to printf5.o(i._printf_core) for _printf_core
    printf5.o(i.__0sprintf$5) refers to printf5.o(i._sputc) for _sputc
    printf5.o(i.__0vfprintf$5) refers to printf5.o(i._printf_core) for _printf_core
    printf5.o(i.__0vfprintf$5) refers to main.o(.text) for fputc
    printf5.o(i.__0vprintf$5) refers to printf5.o(i._printf_core) for _printf_core
    printf5.o(i.__0vprintf$5) refers to main.o(.text) for fputc
    printf5.o(i.__0vprintf$5) refers to stdout.o(.data) for __stdout
    printf5.o(i.__0vsnprintf$5) refers to printf5.o(i._printf_core) for _printf_core
    printf5.o(i.__0vsnprintf$5) refers to printf5.o(i._snputc) for _snputc
    printf5.o(i.__0vsprintf$5) refers to printf5.o(i._printf_core) for _printf_core
    printf5.o(i.__0vsprintf$5) refers to printf5.o(i._sputc) for _sputc
    printf5.o(i._printf_core) refers to uldiv.o(.text) for __aeabi_uldivmod
    printf6.o(i.__0fprintf$6) refers to printf6.o(i._printf_core) for _printf_core
    printf6.o(i.__0fprintf$6) refers to main.o(.text) for fputc
    printf6.o(i.__0printf$6) refers to printf6.o(i._printf_core) for _printf_core
    printf6.o(i.__0printf$6) refers to main.o(.text) for fputc
    printf6.o(i.__0printf$6) refers to stdout.o(.data) for __stdout
    printf6.o(i.__0snprintf$6) refers to printf6.o(i._printf_core) for _printf_core
    printf6.o(i.__0snprintf$6) refers to printf6.o(i._snputc) for _snputc
    printf6.o(i.__0sprintf$6) refers to printf6.o(i._printf_core) for _printf_core
    printf6.o(i.__0sprintf$6) refers to printf6.o(i._sputc) for _sputc
    printf6.o(i.__0vfprintf$6) refers to printf6.o(i._printf_core) for _printf_core
    printf6.o(i.__0vfprintf$6) refers to main.o(.text) for fputc
    printf6.o(i.__0vprintf$6) refers to printf6.o(i._printf_core) for _printf_core
    printf6.o(i.__0vprintf$6) refers to main.o(.text) for fputc
    printf6.o(i.__0vprintf$6) refers to stdout.o(.data) for __stdout
    printf6.o(i.__0vsnprintf$6) refers to printf6.o(i._printf_core) for _printf_core
    printf6.o(i.__0vsnprintf$6) refers to printf6.o(i._snputc) for _snputc
    printf6.o(i.__0vsprintf$6) refers to printf6.o(i._printf_core) for _printf_core
    printf6.o(i.__0vsprintf$6) refers to printf6.o(i._sputc) for _sputc
    printf6.o(i._printf_core) refers to printf6.o(i._printf_pre_padding) for _printf_pre_padding
    printf6.o(i._printf_core) refers to uidiv.o(.text) for __aeabi_uidivmod
    printf6.o(i._printf_core) refers to printf6.o(i._printf_post_padding) for _printf_post_padding
    printf7.o(i.__0fprintf$7) refers to printf7.o(i._printf_core) for _printf_core
    printf7.o(i.__0fprintf$7) refers to main.o(.text) for fputc
    printf7.o(i.__0printf$7) refers to printf7.o(i._printf_core) for _printf_core
    printf7.o(i.__0printf$7) refers to main.o(.text) for fputc
    printf7.o(i.__0printf$7) refers to stdout.o(.data) for __stdout
    printf7.o(i.__0snprintf$7) refers to printf7.o(i._printf_core) for _printf_core
    printf7.o(i.__0snprintf$7) refers to printf7.o(i._snputc) for _snputc
    printf7.o(i.__0sprintf$7) refers to printf7.o(i._printf_core) for _printf_core
    printf7.o(i.__0sprintf$7) refers to printf7.o(i._sputc) for _sputc
    printf7.o(i.__0vfprintf$7) refers to printf7.o(i._printf_core) for _printf_core
    printf7.o(i.__0vfprintf$7) refers to main.o(.text) for fputc
    printf7.o(i.__0vprintf$7) refers to printf7.o(i._printf_core) for _printf_core
    printf7.o(i.__0vprintf$7) refers to main.o(.text) for fputc
    printf7.o(i.__0vprintf$7) refers to stdout.o(.data) for __stdout
    printf7.o(i.__0vsnprintf$7) refers to printf7.o(i._printf_core) for _printf_core
    printf7.o(i.__0vsnprintf$7) refers to printf7.o(i._snputc) for _snputc
    printf7.o(i.__0vsprintf$7) refers to printf7.o(i._printf_core) for _printf_core
    printf7.o(i.__0vsprintf$7) refers to printf7.o(i._sputc) for _sputc
    printf7.o(i._printf_core) refers to printf7.o(i._printf_pre_padding) for _printf_pre_padding
    printf7.o(i._printf_core) refers to uldiv.o(.text) for __aeabi_uldivmod
    printf7.o(i._printf_core) refers to printf7.o(i._printf_post_padding) for _printf_post_padding
    printf8.o(i.__0fprintf$8) refers to printf8.o(i._printf_core) for _printf_core
    printf8.o(i.__0fprintf$8) refers to main.o(.text) for fputc
    printf8.o(i.__0printf$8) refers to printf8.o(i._printf_core) for _printf_core
    printf8.o(i.__0printf$8) refers to main.o(.text) for fputc
    printf8.o(i.__0printf$8) refers to stdout.o(.data) for __stdout
    printf8.o(i.__0snprintf$8) refers to printf8.o(i._printf_core) for _printf_core
    printf8.o(i.__0snprintf$8) refers to printf8.o(i._snputc) for _snputc
    printf8.o(i.__0sprintf$8) refers to printf8.o(i._printf_core) for _printf_core
    printf8.o(i.__0sprintf$8) refers to printf8.o(i._sputc) for _sputc
    printf8.o(i.__0vfprintf$8) refers to printf8.o(i._printf_core) for _printf_core
    printf8.o(i.__0vfprintf$8) refers to main.o(.text) for fputc
    printf8.o(i.__0vprintf$8) refers to printf8.o(i._printf_core) for _printf_core
    printf8.o(i.__0vprintf$8) refers to main.o(.text) for fputc
    printf8.o(i.__0vprintf$8) refers to stdout.o(.data) for __stdout
    printf8.o(i.__0vsnprintf$8) refers to printf8.o(i._printf_core) for _printf_core
    printf8.o(i.__0vsnprintf$8) refers to printf8.o(i._snputc) for _snputc
    printf8.o(i.__0vsprintf$8) refers to printf8.o(i._printf_core) for _printf_core
    printf8.o(i.__0vsprintf$8) refers to printf8.o(i._sputc) for _sputc
    printf8.o(i._printf_core) refers to printf8.o(i._printf_pre_padding) for _printf_pre_padding
    printf8.o(i._printf_core) refers to uldiv.o(.text) for __aeabi_uldivmod
    printf8.o(i._printf_core) refers to printf8.o(i._printf_post_padding) for _printf_post_padding
    printfa.o(i.__0fprintf) refers (Special) to iusefp.o(.text) for __I$use$fp
    printfa.o(i.__0fprintf) refers to printfa.o(i._printf_core) for _printf_core
    printfa.o(i.__0fprintf) refers to main.o(.text) for fputc
    printfa.o(i.__0printf) refers (Special) to iusefp.o(.text) for __I$use$fp
    printfa.o(i.__0printf) refers to printfa.o(i._printf_core) for _printf_core
    printfa.o(i.__0printf) refers to main.o(.text) for fputc
    printfa.o(i.__0printf) refers to stdout.o(.data) for __stdout
    printfa.o(i.__0snprintf) refers (Special) to iusefp.o(.text) for __I$use$fp
    printfa.o(i.__0snprintf) refers to printfa.o(i._printf_core) for _printf_core
    printfa.o(i.__0snprintf) refers to printfa.o(i._snputc) for _snputc
    printfa.o(i.__0sprintf) refers (Special) to iusefp.o(.text) for __I$use$fp
    printfa.o(i.__0sprintf) refers to printfa.o(i._printf_core) for _printf_core
    printfa.o(i.__0sprintf) refers to printfa.o(i._sputc) for _sputc
    printfa.o(i.__0vfprintf) refers (Special) to iusefp.o(.text) for __I$use$fp
    printfa.o(i.__0vfprintf) refers to printfa.o(i._printf_core) for _printf_core
    printfa.o(i.__0vfprintf) refers to main.o(.text) for fputc
    printfa.o(i.__0vprintf) refers (Special) to iusefp.o(.text) for __I$use$fp
    printfa.o(i.__0vprintf) refers to printfa.o(i._printf_core) for _printf_core
    printfa.o(i.__0vprintf) refers to main.o(.text) for fputc
    printfa.o(i.__0vprintf) refers to stdout.o(.data) for __stdout
    printfa.o(i.__0vsnprintf) refers (Special) to iusefp.o(.text) for __I$use$fp
    printfa.o(i.__0vsnprintf) refers to printfa.o(i._printf_core) for _printf_core
    printfa.o(i.__0vsnprintf) refers to printfa.o(i._snputc) for _snputc
    printfa.o(i.__0vsprintf) refers (Special) to iusefp.o(.text) for __I$use$fp
    printfa.o(i.__0vsprintf) refers to printfa.o(i._printf_core) for _printf_core
    printfa.o(i.__0vsprintf) refers to printfa.o(i._sputc) for _sputc
    printfa.o(i._fp_digits) refers (Special) to iusefp.o(.text) for __I$use$fp
    printfa.o(i._fp_digits) refers to dmul.o(.text) for __aeabi_dmul
    printfa.o(i._fp_digits) refers to ddiv.o(.text) for __aeabi_ddiv
    printfa.o(i._fp_digits) refers to cdrcmple.o(.text) for __aeabi_cdrcmple
    printfa.o(i._fp_digits) refers to dadd.o(.text) for __aeabi_dadd
    printfa.o(i._fp_digits) refers to dfixul.o(.text) for __aeabi_d2ulz
    printfa.o(i._fp_digits) refers to uldiv.o(.text) for __aeabi_uldivmod
    printfa.o(i._printf_core) refers (Special) to iusefp.o(.text) for __I$use$fp
    printfa.o(i._printf_core) refers to printfa.o(i._printf_pre_padding) for _printf_pre_padding
    printfa.o(i._printf_core) refers to uldiv.o(.text) for __aeabi_uldivmod
    printfa.o(i._printf_core) refers to printfa.o(i._printf_post_padding) for _printf_post_padding
    printfa.o(i._printf_core) refers to printfa.o(i._fp_digits) for _fp_digits
    printfa.o(i._printf_core) refers to uidiv.o(.text) for __aeabi_uidivmod
    printfa.o(i._printf_post_padding) refers (Special) to iusefp.o(.text) for __I$use$fp
    printfa.o(i._printf_pre_padding) refers (Special) to iusefp.o(.text) for __I$use$fp
    printfa.o(i._snputc) refers (Special) to iusefp.o(.text) for __I$use$fp
    printfa.o(i._sputc) refers (Special) to iusefp.o(.text) for __I$use$fp
    entry2.o(.ARM.Collect$$$$00000001) refers to entry2.o(.ARM.Collect$$$$00002712) for __lit__00000000
    entry2.o(.ARM.Collect$$$$00002712) refers to startup_stm32f429xx.o(STACK) for __initial_sp
    entry2.o(__vectab_stack_and_reset_area) refers to startup_stm32f429xx.o(STACK) for __initial_sp
    entry2.o(__vectab_stack_and_reset_area) refers to entry.o(.ARM.Collect$$$$00000000) for __main
    entry5.o(.ARM.Collect$$$$00000004) refers to init.o(.text) for __scatterload
    entry9a.o(.ARM.Collect$$$$0000000B) refers to main.o(.text) for main
    entry9b.o(.ARM.Collect$$$$0000000C) refers to main.o(.text) for main
    uldiv.o(.text) refers to llushr.o(.text) for __aeabi_llsr
    uldiv.o(.text) refers to llshl.o(.text) for __aeabi_llsl
    dadd.o(.text) refers to llshl.o(.text) for __aeabi_llsl
    dadd.o(.text) refers to llsshr.o(.text) for __aeabi_lasr
    dadd.o(.text) refers to depilogue.o(.text) for _double_epilogue
    dmul.o(.text) refers to depilogue.o(.text) for _double_epilogue
    ddiv.o(.text) refers to depilogue.o(.text) for _double_round
    dfixul.o(.text) refers to llushr.o(.text) for __aeabi_llsr
    dfixul.o(.text) refers to llshl.o(.text) for __aeabi_llsl
    init.o(.text) refers to entry5.o(.ARM.Collect$$$$00000004) for __main_after_scatterload
    depilogue.o(.text) refers to llshl.o(.text) for __aeabi_llsl
    depilogue.o(.text) refers to llushr.o(.text) for __aeabi_llsr


==============================================================================

Removing Unused input sections from the image.

    Removing main.o(.rev16_text), (4 bytes).
    Removing main.o(.revsh_text), (4 bytes).
    Removing main.o(.rrx_text), (6 bytes).
    Removing stm32f4xx_hal_msp.o(.rev16_text), (4 bytes).
    Removing stm32f4xx_hal_msp.o(.revsh_text), (4 bytes).
    Removing stm32f4xx_hal_msp.o(.rrx_text), (6 bytes).
    Removing stm32f4xx_it.o(.rev16_text), (4 bytes).
    Removing stm32f4xx_it.o(.revsh_text), (4 bytes).
    Removing stm32f4xx_it.o(.rrx_text), (6 bytes).
    Removing stm324x9i_eval.o(.rev16_text), (4 bytes).
    Removing stm324x9i_eval.o(.revsh_text), (4 bytes).
    Removing stm324x9i_eval.o(.rrx_text), (6 bytes).
    Removing stm32f4xx_hal.o(.rev16_text), (4 bytes).
    Removing stm32f4xx_hal.o(.revsh_text), (4 bytes).
    Removing stm32f4xx_hal.o(.rrx_text), (6 bytes).
    Removing stm32f4xx_hal_cortex.o(.rev16_text), (4 bytes).
    Removing stm32f4xx_hal_cortex.o(.revsh_text), (4 bytes).
    Removing stm32f4xx_hal_cortex.o(.rrx_text), (6 bytes).
    Removing stm32f4xx_hal_dma.o(.rev16_text), (4 bytes).
    Removing stm32f4xx_hal_dma.o(.revsh_text), (4 bytes).
    Removing stm32f4xx_hal_dma.o(.rrx_text), (6 bytes).
    Removing stm32f4xx_hal_dma_ex.o(.rev16_text), (4 bytes).
    Removing stm32f4xx_hal_dma_ex.o(.revsh_text), (4 bytes).
    Removing stm32f4xx_hal_dma_ex.o(.rrx_text), (6 bytes).
    Removing stm32f4xx_hal_dma_ex.o(.text), (370 bytes).
    Removing stm32f4xx_hal_gpio.o(.rev16_text), (4 bytes).
    Removing stm32f4xx_hal_gpio.o(.revsh_text), (4 bytes).
    Removing stm32f4xx_hal_gpio.o(.rrx_text), (6 bytes).
    Removing stm32f4xx_hal_pwr.o(.rev16_text), (4 bytes).
    Removing stm32f4xx_hal_pwr.o(.revsh_text), (4 bytes).
    Removing stm32f4xx_hal_pwr.o(.rrx_text), (6 bytes).
    Removing stm32f4xx_hal_pwr.o(.text), (364 bytes).
    Removing stm32f4xx_hal_pwr_ex.o(.rev16_text), (4 bytes).
    Removing stm32f4xx_hal_pwr_ex.o(.revsh_text), (4 bytes).
    Removing stm32f4xx_hal_pwr_ex.o(.rrx_text), (6 bytes).
    Removing stm32f4xx_hal_rcc.o(.rev16_text), (4 bytes).
    Removing stm32f4xx_hal_rcc.o(.revsh_text), (4 bytes).
    Removing stm32f4xx_hal_rcc.o(.rrx_text), (6 bytes).
    Removing stm32f4xx_hal_rcc_ex.o(.rev16_text), (4 bytes).
    Removing stm32f4xx_hal_rcc_ex.o(.revsh_text), (4 bytes).
    Removing stm32f4xx_hal_rcc_ex.o(.rrx_text), (6 bytes).
    Removing stm32f4xx_hal_rcc_ex.o(.text), (1044 bytes).
    Removing stm32f4xx_hal_uart.o(.rev16_text), (4 bytes).
    Removing stm32f4xx_hal_uart.o(.revsh_text), (4 bytes).
    Removing stm32f4xx_hal_uart.o(.rrx_text), (6 bytes).
    Removing startup_stm32f429xx.o(HEAP), (512 bytes).
    Removing system_stm32f4xx.o(.rev16_text), (4 bytes).
    Removing system_stm32f4xx.o(.revsh_text), (4 bytes).
    Removing system_stm32f4xx.o(.rrx_text), (6 bytes).

49 unused section(s) (total 2500 bytes) removed from the image.

==============================================================================

Image Symbol Table

    Local Symbols

    Symbol Name                              Value     Ov Type        Size  Object(Section)

    ../clib/microlib/division.c              0x00000000   Number         0  uidiv.o ABSOLUTE
    ../clib/microlib/division.c              0x00000000   Number         0  uldiv.o ABSOLUTE
    ../clib/microlib/init/entry.s            0x00000000   Number         0  entry.o ABSOLUTE
    ../clib/microlib/init/entry.s            0x00000000   Number         0  entry5.o ABSOLUTE
    ../clib/microlib/init/entry.s            0x00000000   Number         0  entry7a.o ABSOLUTE
    ../clib/microlib/init/entry.s            0x00000000   Number         0  entry7b.o ABSOLUTE
    ../clib/microlib/init/entry.s            0x00000000   Number         0  entry8b.o ABSOLUTE
    ../clib/microlib/init/entry.s            0x00000000   Number         0  entry9a.o ABSOLUTE
    ../clib/microlib/init/entry.s            0x00000000   Number         0  entry9b.o ABSOLUTE
    ../clib/microlib/init/entry.s            0x00000000   Number         0  entry10a.o ABSOLUTE
    ../clib/microlib/init/entry.s            0x00000000   Number         0  entry10b.o ABSOLUTE
    ../clib/microlib/init/entry.s            0x00000000   Number         0  entry8a.o ABSOLUTE
    ../clib/microlib/init/entry.s            0x00000000   Number         0  entry11a.o ABSOLUTE
    ../clib/microlib/init/entry.s            0x00000000   Number         0  entry11b.o ABSOLUTE
    ../clib/microlib/init/entry.s            0x00000000   Number         0  entry2.o ABSOLUTE
    ../clib/microlib/longlong.c              0x00000000   Number         0  llsshr.o ABSOLUTE
    ../clib/microlib/longlong.c              0x00000000   Number         0  llushr.o ABSOLUTE
    ../clib/microlib/longlong.c              0x00000000   Number         0  llshl.o ABSOLUTE
    ../clib/microlib/printf/printf.c         0x00000000   Number         0  printf8.o ABSOLUTE
    ../clib/microlib/printf/printf.c         0x00000000   Number         0  printf7.o ABSOLUTE
    ../clib/microlib/printf/printf.c         0x00000000   Number         0  printfb.o ABSOLUTE
    ../clib/microlib/printf/printf.c         0x00000000   Number         0  printf6.o ABSOLUTE
    ../clib/microlib/printf/printf.c         0x00000000   Number         0  printf5.o ABSOLUTE
    ../clib/microlib/printf/printf.c         0x00000000   Number         0  printfa.o ABSOLUTE
    ../clib/microlib/printf/printf.c         0x00000000   Number         0  printf4.o ABSOLUTE
    ../clib/microlib/printf/printf.c         0x00000000   Number         0  printf3.o ABSOLUTE
    ../clib/microlib/printf/printf.c         0x00000000   Number         0  printf2.o ABSOLUTE
    ../clib/microlib/printf/printf.c         0x00000000   Number         0  printf1.o ABSOLUTE
    ../clib/microlib/printf/printf.c         0x00000000   Number         0  printf0.o ABSOLUTE
    ../clib/microlib/stdio/putc.c            0x00000000   Number         0  putc.o ABSOLUTE
    ../clib/microlib/stdio/streams.c         0x00000000   Number         0  stdout.o ABSOLUTE
    ../clib/microlib/string/strlen.c         0x00000000   Number         0  strlen.o ABSOLUTE
    ../clib/microlib/stubs.s                 0x00000000   Number         0  iusefp.o ABSOLUTE
    ../fplib/microlib/fpadd.c                0x00000000   Number         0  dadd.o ABSOLUTE
    ../fplib/microlib/fpdiv.c                0x00000000   Number         0  ddiv.o ABSOLUTE
    ../fplib/microlib/fpepilogue.c           0x00000000   Number         0  depilogue.o ABSOLUTE
    ../fplib/microlib/fpfix.c                0x00000000   Number         0  dfixul.o ABSOLUTE
    ../fplib/microlib/fpmul.c                0x00000000   Number         0  dmul.o ABSOLUTE
    C:\Keil_v5\ARM\PACK\Keil\STM32F4xx_DFP\2.4.0\Drivers\STM32F4xx_HAL_Driver\Src\stm32f4xx_hal.c 0x00000000   Number         0  stm32f4xx_hal.o ABSOLUTE
    C:\Keil_v5\ARM\PACK\Keil\STM32F4xx_DFP\2.4.0\Drivers\STM32F4xx_HAL_Driver\Src\stm32f4xx_hal_cortex.c 0x00000000   Number         0  stm32f4xx_hal_cortex.o ABSOLUTE
    C:\Keil_v5\ARM\PACK\Keil\STM32F4xx_DFP\2.4.0\Drivers\STM32F4xx_HAL_Driver\Src\stm32f4xx_hal_dma.c 0x00000000   Number         0  stm32f4xx_hal_dma.o ABSOLUTE
    C:\Keil_v5\ARM\PACK\Keil\STM32F4xx_DFP\2.4.0\Drivers\STM32F4xx_HAL_Driver\Src\stm32f4xx_hal_dma_ex.c 0x00000000   Number         0  stm32f4xx_hal_dma_ex.o ABSOLUTE
    C:\Keil_v5\ARM\PACK\Keil\STM32F4xx_DFP\2.4.0\Drivers\STM32F4xx_HAL_Driver\Src\stm32f4xx_hal_gpio.c 0x00000000   Number         0  stm32f4xx_hal_gpio.o ABSOLUTE
    C:\Keil_v5\ARM\PACK\Keil\STM32F4xx_DFP\2.4.0\Drivers\STM32F4xx_HAL_Driver\Src\stm32f4xx_hal_pwr.c 0x00000000   Number         0  stm32f4xx_hal_pwr.o ABSOLUTE
    C:\Keil_v5\ARM\PACK\Keil\STM32F4xx_DFP\2.4.0\Drivers\STM32F4xx_HAL_Driver\Src\stm32f4xx_hal_pwr_ex.c 0x00000000   Number         0  stm32f4xx_hal_pwr_ex.o ABSOLUTE
    C:\Keil_v5\ARM\PACK\Keil\STM32F4xx_DFP\2.4.0\Drivers\STM32F4xx_HAL_Driver\Src\stm32f4xx_hal_rcc.c 0x00000000   Number         0  stm32f4xx_hal_rcc.o ABSOLUTE
    C:\Keil_v5\ARM\PACK\Keil\STM32F4xx_DFP\2.4.0\Drivers\STM32F4xx_HAL_Driver\Src\stm32f4xx_hal_rcc_ex.c 0x00000000   Number         0  stm32f4xx_hal_rcc_ex.o ABSOLUTE
    C:\Keil_v5\ARM\PACK\Keil\STM32F4xx_DFP\2.4.0\Drivers\STM32F4xx_HAL_Driver\Src\stm32f4xx_hal_uart.c 0x00000000   Number         0  stm32f4xx_hal_uart.o ABSOLUTE
    C:\\Keil_v5\\ARM\\PACK\\Keil\\STM32F4xx_DFP\\2.4.0\\Drivers\\STM32F4xx_HAL_Driver\\Src\\stm32f4xx_hal.c 0x00000000   Number         0  stm32f4xx_hal.o ABSOLUTE
    C:\\Keil_v5\\ARM\\PACK\\Keil\\STM32F4xx_DFP\\2.4.0\\Drivers\\STM32F4xx_HAL_Driver\\Src\\stm32f4xx_hal_cortex.c 0x00000000   Number         0  stm32f4xx_hal_cortex.o ABSOLUTE
    C:\\Keil_v5\\ARM\\PACK\\Keil\\STM32F4xx_DFP\\2.4.0\\Drivers\\STM32F4xx_HAL_Driver\\Src\\stm32f4xx_hal_dma.c 0x00000000   Number         0  stm32f4xx_hal_dma.o ABSOLUTE
    C:\\Keil_v5\\ARM\\PACK\\Keil\\STM32F4xx_DFP\\2.4.0\\Drivers\\STM32F4xx_HAL_Driver\\Src\\stm32f4xx_hal_dma_ex.c 0x00000000   Number         0  stm32f4xx_hal_dma_ex.o ABSOLUTE
    C:\\Keil_v5\\ARM\\PACK\\Keil\\STM32F4xx_DFP\\2.4.0\\Drivers\\STM32F4xx_HAL_Driver\\Src\\stm32f4xx_hal_gpio.c 0x00000000   Number         0  stm32f4xx_hal_gpio.o ABSOLUTE
    C:\\Keil_v5\\ARM\\PACK\\Keil\\STM32F4xx_DFP\\2.4.0\\Drivers\\STM32F4xx_HAL_Driver\\Src\\stm32f4xx_hal_pwr.c 0x00000000   Number         0  stm32f4xx_hal_pwr.o ABSOLUTE
    C:\\Keil_v5\\ARM\\PACK\\Keil\\STM32F4xx_DFP\\2.4.0\\Drivers\\STM32F4xx_HAL_Driver\\Src\\stm32f4xx_hal_pwr_ex.c 0x00000000   Number         0  stm32f4xx_hal_pwr_ex.o ABSOLUTE
    C:\\Keil_v5\\ARM\\PACK\\Keil\\STM32F4xx_DFP\\2.4.0\\Drivers\\STM32F4xx_HAL_Driver\\Src\\stm32f4xx_hal_rcc.c 0x00000000   Number         0  stm32f4xx_hal_rcc.o ABSOLUTE
    C:\\Keil_v5\\ARM\\PACK\\Keil\\STM32F4xx_DFP\\2.4.0\\Drivers\\STM32F4xx_HAL_Driver\\Src\\stm32f4xx_hal_rcc_ex.c 0x00000000   Number         0  stm32f4xx_hal_rcc_ex.o ABSOLUTE
    C:\\Keil_v5\\ARM\\PACK\\Keil\\STM32F4xx_DFP\\2.4.0\\Drivers\\STM32F4xx_HAL_Driver\\Src\\stm32f4xx_hal_uart.c 0x00000000   Number         0  stm32f4xx_hal_uart.o ABSOLUTE
    RTE\Device\STM32F429IITx\startup_stm32f429xx.s 0x00000000   Number         0  startup_stm32f429xx.o ABSOLUTE
    RTE\Device\STM32F429IITx\system_stm32f4xx.c 0x00000000   Number         0  system_stm32f4xx.o ABSOLUTE
    RTE\\Device\\STM32F429IITx\\system_stm32f4xx.c 0x00000000   Number         0  system_stm32f4xx.o ABSOLUTE
    SRC\\main.c                              0x00000000   Number         0  main.o ABSOLUTE
    SRC\\stm324x9i_eval.c                    0x00000000   Number         0  stm324x9i_eval.o ABSOLUTE
    SRC\\stm32f4xx_hal_msp.c                 0x00000000   Number         0  stm32f4xx_hal_msp.o ABSOLUTE
    SRC\\stm32f4xx_it.c                      0x00000000   Number         0  stm32f4xx_it.o ABSOLUTE
    SRC\main.c                               0x00000000   Number         0  main.o ABSOLUTE
    SRC\stm324x9i_eval.c                     0x00000000   Number         0  stm324x9i_eval.o ABSOLUTE
    SRC\stm32f4xx_hal_msp.c                  0x00000000   Number         0  stm32f4xx_hal_msp.o ABSOLUTE
    SRC\stm32f4xx_it.c                       0x00000000   Number         0  stm32f4xx_it.o ABSOLUTE
    cdrcmple.s                               0x00000000   Number         0  cdrcmple.o ABSOLUTE
    dc.s                                     0x00000000   Number         0  dc.o ABSOLUTE
    handlers.s                               0x00000000   Number         0  handlers.o ABSOLUTE
    init.s                                   0x00000000   Number         0  init.o ABSOLUTE
    RESET                                    0x08000000   Section      428  startup_stm32f429xx.o(RESET)
    .ARM.Collect$$$$00000000                 0x080001ac   Section        0  entry.o(.ARM.Collect$$$$00000000)
    .ARM.Collect$$$$00000001                 0x080001ac   Section        4  entry2.o(.ARM.Collect$$$$00000001)
    .ARM.Collect$$$$00000004                 0x080001b0   Section        4  entry5.o(.ARM.Collect$$$$00000004)
    .ARM.Collect$$$$00000008                 0x080001b4   Section        0  entry7b.o(.ARM.Collect$$$$00000008)
    .ARM.Collect$$$$0000000A                 0x080001b4   Section        0  entry8b.o(.ARM.Collect$$$$0000000A)
    .ARM.Collect$$$$0000000B                 0x080001b4   Section        8  entry9a.o(.ARM.Collect$$$$0000000B)
    .ARM.Collect$$$$0000000D                 0x080001bc   Section        0  entry10a.o(.ARM.Collect$$$$0000000D)
    .ARM.Collect$$$$0000000F                 0x080001bc   Section        0  entry11a.o(.ARM.Collect$$$$0000000F)
    .ARM.Collect$$$$00002712                 0x080001bc   Section        4  entry2.o(.ARM.Collect$$$$00002712)
    __lit__00000000                          0x080001bc   Data           4  entry2.o(.ARM.Collect$$$$00002712)
    .text                                    0x080001c0   Section        0  main.o(.text)
    SystemClock_Config                       0x080001d7   Thumb Code   106  main.o(.text)
    .text                                    0x08000310   Section        0  stm32f4xx_hal_msp.o(.text)
    .text                                    0x080003c0   Section        0  stm32f4xx_it.o(.text)
    .text                                    0x080003f8   Section        0  stm324x9i_eval.o(.text)
    .text                                    0x080006c4   Section        0  stm32f4xx_hal.o(.text)
    .text                                    0x08000858   Section        0  stm32f4xx_hal_cortex.o(.text)
    NVIC_SetPriority                         0x08000859   Thumb Code    32  stm32f4xx_hal_cortex.o(.text)
    NVIC_GetPriorityGrouping                 0x08000afb   Thumb Code    12  stm32f4xx_hal_cortex.o(.text)
    .text                                    0x08000b1c   Section        0  stm32f4xx_hal_dma.o(.text)
    DMA_SetConfig                            0x08001b05   Thumb Code    32  stm32f4xx_hal_dma.o(.text)
    .text                                    0x08006a04   Section        0  stm32f4xx_hal_gpio.o(.text)
    .text                                    0x08006d40   Section        0  stm32f4xx_hal_pwr_ex.o(.text)
    .text                                    0x08006f34   Section        0  stm32f4xx_hal_rcc.o(.text)
    .text                                    0x08007970   Section        0  stm32f4xx_hal_uart.o(.text)
    UART_SetConfig                           0x08007971   Thumb Code   544  stm32f4xx_hal_uart.o(.text)
    UART_WaitOnFlagUntilTimeout              0x08007db9   Thumb Code   250  stm32f4xx_hal_uart.o(.text)
    UART_DMAError                            0x080081b1   Thumb Code    36  stm32f4xx_hal_uart.o(.text)
    UART_DMATxHalfCplt                       0x080081d7   Thumb Code    14  stm32f4xx_hal_uart.o(.text)
    UART_DMATransmitCplt                     0x080081e7   Thumb Code   100  stm32f4xx_hal_uart.o(.text)
    UART_DMARxHalfCplt                       0x080082e3   Thumb Code    14  stm32f4xx_hal_uart.o(.text)
    UART_DMAReceiveCplt                      0x080082f3   Thumb Code    62  stm32f4xx_hal_uart.o(.text)
    UART_Transmit_IT                         0x080084fb   Thumb Code   176  stm32f4xx_hal_uart.o(.text)
    UART_Receive_IT                          0x080085ab   Thumb Code   188  stm32f4xx_hal_uart.o(.text)
    .text                                    0x080088d0   Section       36  startup_stm32f429xx.o(.text)
    $v0                                      0x080088d0   Number         0  startup_stm32f429xx.o(.text)
    .text                                    0x080088f4   Section        0  system_stm32f4xx.o(.text)
    .text                                    0x08008a14   Section        0  strlen.o(.text)
    .text                                    0x08008a22   Section        0  uidiv.o(.text)
    .text                                    0x08008a4e   Section        0  uldiv.o(.text)
    .text                                    0x08008ab0   Section        0  iusefp.o(.text)
    .text                                    0x08008ab0   Section        0  dadd.o(.text)
    .text                                    0x08008bfe   Section        0  dmul.o(.text)
    .text                                    0x08008ce2   Section        0  ddiv.o(.text)
    .text                                    0x08008dc0   Section        0  dfixul.o(.text)
    .text                                    0x08008df0   Section       48  cdrcmple.o(.text)
    .text                                    0x08008e20   Section       36  init.o(.text)
    .text                                    0x08008e44   Section        0  llshl.o(.text)
    .text                                    0x08008e62   Section        0  llushr.o(.text)
    .text                                    0x08008e82   Section        0  llsshr.o(.text)
    .text                                    0x08008ea6   Section        0  depilogue.o(.text)
    i.__0printf$bare                         0x08008f60   Section        0  printfb.o(i.__0printf$bare)
    i.__0vsprintf                            0x08008f70   Section        0  printfa.o(i.__0vsprintf)
    i.__scatterload_copy                     0x08008f94   Section       14  handlers.o(i.__scatterload_copy)
    i.__scatterload_null                     0x08008fa2   Section        2  handlers.o(i.__scatterload_null)
    i.__scatterload_zeroinit                 0x08008fa4   Section       14  handlers.o(i.__scatterload_zeroinit)
    i._fp_digits                             0x08008fb4   Section        0  printfa.o(i._fp_digits)
    _fp_digits                               0x08008fb5   Thumb Code   334  printfa.o(i._fp_digits)
    i._printf_core                           0x08009118   Section        0  printfb.o(i._printf_core)
    _printf_core                             0x08009119   Thumb Code    34  printfb.o(i._printf_core)
    i._printf_core                           0x0800913c   Section        0  printfa.o(i._printf_core)
    _printf_core                             0x0800913d   Thumb Code  1744  printfa.o(i._printf_core)
    i._printf_post_padding                   0x08009818   Section        0  printfa.o(i._printf_post_padding)
    _printf_post_padding                     0x08009819   Thumb Code    36  printfa.o(i._printf_post_padding)
    i._printf_pre_padding                    0x0800983c   Section        0  printfa.o(i._printf_pre_padding)
    _printf_pre_padding                      0x0800983d   Thumb Code    46  printfa.o(i._printf_pre_padding)
    i._sputc                                 0x0800986a   Section        0  printfa.o(i._sputc)
    _sputc                                   0x0800986b   Thumb Code    10  printfa.o(i._sputc)
    i.putc                                   0x08009874   Section        0  putc.o(i.putc)
    .constdata                               0x08009878   Section       24  stm324x9i_eval.o(.constdata)
    .constdata                               0x08009890   Section       16  stm32f4xx_hal_rcc.o(.constdata)
    .data                                    0x20000000   Section       42  stm324x9i_eval.o(.data)
    .data                                    0x2000002c   Section        4  stm32f4xx_hal.o(.data)
    uwTick                                   0x2000002c   Data           4  stm32f4xx_hal.o(.data)
    .data                                    0x20000030   Section       20  system_stm32f4xx.o(.data)
    .data                                    0x20000044   Section        4  stdout.o(.data)
    .bss                                     0x20000048   Section      120  stm324x9i_eval.o(.bss)
    STACK                                    0x200000c0   Section     1024  startup_stm32f429xx.o(STACK)

    Global Symbols

    Symbol Name                              Value     Ov Type        Size  Object(Section)

    BuildAttributes$$THM_ISAv4$E$P$D$K$B$S$7EM$VFPi3$EXTD16$VFPS$VFMA$PE$A:L22UL41UL21$X:L11$S22US41US21$IEEE1$IW$USESV6$~STKCKD$USESV7$~SHL$OSPACE$ROPI$EBA8$MICROLIB$REQ8$PRES8$EABIv2 0x00000000   Number         0  anon$$obj.o ABSOLUTE
    __ARM_use_no_argv                        0x00000000   Number         0  main.o ABSOLUTE
    __cpp_initialize__aeabi_                  - Undefined Weak Reference
    __cxa_finalize                            - Undefined Weak Reference
    __decompress                              - Undefined Weak Reference
    _clock_init                               - Undefined Weak Reference
    _microlib_exit                            - Undefined Weak Reference
    __Vectors_Size                           0x000001ac   Number         0  startup_stm32f429xx.o ABSOLUTE
    __Vectors                                0x08000000   Data           4  startup_stm32f429xx.o(RESET)
    __Vectors_End                            0x080001ac   Data           0  startup_stm32f429xx.o(RESET)
    __main                                   0x080001ad   Thumb Code     0  entry.o(.ARM.Collect$$$$00000000)
    _main_stk                                0x080001ad   Thumb Code     0  entry2.o(.ARM.Collect$$$$00000001)
    _main_scatterload                        0x080001b1   Thumb Code     0  entry5.o(.ARM.Collect$$$$00000004)
    __main_after_scatterload                 0x080001b5   Thumb Code     0  entry5.o(.ARM.Collect$$$$00000004)
    _main_clock                              0x080001b5   Thumb Code     0  entry7b.o(.ARM.Collect$$$$00000008)
    _main_cpp_init                           0x080001b5   Thumb Code     0  entry8b.o(.ARM.Collect$$$$0000000A)
    _main_init                               0x080001b5   Thumb Code     0  entry9a.o(.ARM.Collect$$$$0000000B)
    __rt_final_cpp                           0x080001bd   Thumb Code     0  entry10a.o(.ARM.Collect$$$$0000000D)
    __rt_final_exit                          0x080001bd   Thumb Code     0  entry11a.o(.ARM.Collect$$$$0000000F)
    fputc                                    0x080001c1   Thumb Code    22  main.o(.text)
    main                                     0x08000241   Thumb Code    98  main.o(.text)
    HAL_UART_ErrorCallback                   0x080002a3   Thumb Code    12  main.o(.text)
    HAL_UART_MspInit                         0x08000311   Thumb Code   110  stm32f4xx_hal_msp.o(.text)
    HAL_UART_MspDeInit                       0x0800037f   Thumb Code    56  stm32f4xx_hal_msp.o(.text)
    NMI_Handler                              0x080003c1   Thumb Code     2  stm32f4xx_it.o(.text)
    HardFault_Handler                        0x080003c3   Thumb Code     4  stm32f4xx_it.o(.text)
    MemManage_Handler                        0x080003c7   Thumb Code     4  stm32f4xx_it.o(.text)
    BusFault_Handler                         0x080003cb   Thumb Code     4  stm32f4xx_it.o(.text)
    UsageFault_Handler                       0x080003cf   Thumb Code     4  stm32f4xx_it.o(.text)
    SVC_Handler                              0x080003d3   Thumb Code     2  stm32f4xx_it.o(.text)
    DebugMon_Handler                         0x080003d5   Thumb Code     2  stm32f4xx_it.o(.text)
    PendSV_Handler                           0x080003d7   Thumb Code     2  stm32f4xx_it.o(.text)
    SysTick_Handler                          0x080003d9   Thumb Code     2  stm32f4xx_it.o(.text)
    USART3_IRQHandler                        0x080003db   Thumb Code    10  stm32f4xx_it.o(.text)
    USART6_IRQHandler                        0x080003e5   Thumb Code    10  stm32f4xx_it.o(.text)
    BSP_LED_Init                             0x080003f9   Thumb Code   122  stm324x9i_eval.o(.text)
    BSP_LED_On                               0x08000473   Thumb Code    24  stm324x9i_eval.o(.text)
    BSP_LED_Off                              0x0800048b   Thumb Code    24  stm324x9i_eval.o(.text)
    BSP_LED_Toggle                           0x080004a3   Thumb Code    22  stm324x9i_eval.o(.text)
    BSP_COM_Init                             0x080004b9   Thumb Code   218  stm324x9i_eval.o(.text)
    BSP_COM1_Init                            0x08000593   Thumb Code    16  stm324x9i_eval.o(.text)
    BSP_COM2_Init                            0x080005a3   Thumb Code    40  stm324x9i_eval.o(.text)
    BSP_UART_GetChar                         0x080005cb   Thumb Code    58  stm324x9i_eval.o(.text)
    BSP_UART_PutChar                         0x08000605   Thumb Code    38  stm324x9i_eval.o(.text)
    BSP_UART_Printf                          0x0800062b   Thumb Code    92  stm324x9i_eval.o(.text)
    HAL_MspInit                              0x080006c5   Thumb Code     2  stm32f4xx_hal.o(.text)
    HAL_InitTick                             0x080006c7   Thumb Code    36  stm32f4xx_hal.o(.text)
    HAL_Init                                 0x080006eb   Thumb Code    54  stm32f4xx_hal.o(.text)
    HAL_MspDeInit                            0x08000721   Thumb Code     2  stm32f4xx_hal.o(.text)
    HAL_DeInit                               0x08000723   Thumb Code    64  stm32f4xx_hal.o(.text)
    HAL_IncTick                              0x08000763   Thumb Code    12  stm32f4xx_hal.o(.text)
    HAL_GetTick                              0x0800076f   Thumb Code     6  stm32f4xx_hal.o(.text)
    HAL_Delay                                0x08000775   Thumb Code    26  stm32f4xx_hal.o(.text)
    HAL_SuspendTick                          0x0800078f   Thumb Code    18  stm32f4xx_hal.o(.text)
    HAL_ResumeTick                           0x080007a1   Thumb Code    18  stm32f4xx_hal.o(.text)
    HAL_GetHalVersion                        0x080007b3   Thumb Code     4  stm32f4xx_hal.o(.text)
    HAL_GetREVID                             0x080007b7   Thumb Code     8  stm32f4xx_hal.o(.text)
    HAL_GetDEVID                             0x080007bf   Thumb Code    10  stm32f4xx_hal.o(.text)
    HAL_EnableDBGSleepMode                   0x080007c9   Thumb Code    14  stm32f4xx_hal.o(.text)
    HAL_DisableDBGSleepMode                  0x080007d7   Thumb Code    14  stm32f4xx_hal.o(.text)
    HAL_EnableDBGStopMode                    0x080007e5   Thumb Code    14  stm32f4xx_hal.o(.text)
    HAL_DisableDBGStopMode                   0x080007f3   Thumb Code    14  stm32f4xx_hal.o(.text)
    HAL_EnableDBGStandbyMode                 0x08000801   Thumb Code    14  stm32f4xx_hal.o(.text)
    HAL_DisableDBGStandbyMode                0x0800080f   Thumb Code    14  stm32f4xx_hal.o(.text)
    HAL_EnableCompensationCell               0x0800081d   Thumb Code     8  stm32f4xx_hal.o(.text)
    HAL_DisableCompensationCell              0x08000825   Thumb Code     8  stm32f4xx_hal.o(.text)
    HAL_EnableMemorySwappingBank             0x0800082d   Thumb Code     8  stm32f4xx_hal.o(.text)
    HAL_DisableMemorySwappingBank            0x08000835   Thumb Code     8  stm32f4xx_hal.o(.text)
    HAL_NVIC_SetPriorityGrouping             0x08000879   Thumb Code    36  stm32f4xx_hal_cortex.o(.text)
    HAL_NVIC_SetPriority                     0x0800089d   Thumb Code   124  stm32f4xx_hal_cortex.o(.text)
    HAL_NVIC_EnableIRQ                       0x08000919   Thumb Code    26  stm32f4xx_hal_cortex.o(.text)
    HAL_NVIC_DisableIRQ                      0x08000933   Thumb Code    22  stm32f4xx_hal_cortex.o(.text)
    HAL_NVIC_SystemReset                     0x08000949   Thumb Code    64  stm32f4xx_hal_cortex.o(.text)
    HAL_SYSTICK_Config                       0x08000989   Thumb Code    52  stm32f4xx_hal_cortex.o(.text)
    HAL_NVIC_GetPriorityGrouping             0x080009bd   Thumb Code     8  stm32f4xx_hal_cortex.o(.text)
    HAL_NVIC_GetPriority                     0x080009c5   Thumb Code   138  stm32f4xx_hal_cortex.o(.text)
    HAL_NVIC_SetPendingIRQ                   0x08000a4f   Thumb Code    24  stm32f4xx_hal_cortex.o(.text)
    HAL_NVIC_GetPendingIRQ                   0x08000a67   Thumb Code    38  stm32f4xx_hal_cortex.o(.text)
    HAL_NVIC_ClearPendingIRQ                 0x08000a8d   Thumb Code    22  stm32f4xx_hal_cortex.o(.text)
    HAL_NVIC_GetActive                       0x08000aa3   Thumb Code    38  stm32f4xx_hal_cortex.o(.text)
    HAL_SYSTICK_CLKSourceConfig              0x08000ac9   Thumb Code    40  stm32f4xx_hal_cortex.o(.text)
    HAL_SYSTICK_Callback                     0x08000af1   Thumb Code     2  stm32f4xx_hal_cortex.o(.text)
    HAL_SYSTICK_IRQHandler                   0x08000af3   Thumb Code     8  stm32f4xx_hal_cortex.o(.text)
    HAL_DMA_Init                             0x08000b1d   Thumb Code   120  stm32f4xx_hal_dma.o(.text)
    HAL_DMA_DeInit                           0x08000b95   Thumb Code  3952  stm32f4xx_hal_dma.o(.text)
    HAL_DMA_Start                            0x08001b25   Thumb Code    82  stm32f4xx_hal_dma.o(.text)
    HAL_DMA_Start_IT                         0x08001b77   Thumb Code   142  stm32f4xx_hal_dma.o(.text)
    HAL_DMA_Abort                            0x08001c05   Thumb Code    94  stm32f4xx_hal_dma.o(.text)
    HAL_DMA_PollForTransfer                  0x08001c63   Thumb Code 10074  stm32f4xx_hal_dma.o(.text)
    HAL_DMA_IRQHandler                       0x080043bd   Thumb Code  9776  stm32f4xx_hal_dma.o(.text)
    HAL_DMA_GetState                         0x080069ed   Thumb Code     8  stm32f4xx_hal_dma.o(.text)
    HAL_DMA_GetError                         0x080069f5   Thumb Code     6  stm32f4xx_hal_dma.o(.text)
    HAL_GPIO_Init                            0x08006a05   Thumb Code   466  stm32f4xx_hal_gpio.o(.text)
    HAL_GPIO_DeInit                          0x08006bd7   Thumb Code   200  stm32f4xx_hal_gpio.o(.text)
    HAL_GPIO_ReadPin                         0x08006c9f   Thumb Code    16  stm32f4xx_hal_gpio.o(.text)
    HAL_GPIO_WritePin                        0x08006caf   Thumb Code    10  stm32f4xx_hal_gpio.o(.text)
    HAL_GPIO_TogglePin                       0x08006cb9   Thumb Code     8  stm32f4xx_hal_gpio.o(.text)
    HAL_GPIO_LockPin                         0x08006cc1   Thumb Code    46  stm32f4xx_hal_gpio.o(.text)
    HAL_GPIO_EXTI_Callback                   0x08006cef   Thumb Code     2  stm32f4xx_hal_gpio.o(.text)
    HAL_GPIO_EXTI_IRQHandler                 0x08006cf1   Thumb Code    28  stm32f4xx_hal_gpio.o(.text)
    HAL_PWREx_EnableBkUpReg                  0x08006d41   Thumb Code    50  stm32f4xx_hal_pwr_ex.o(.text)
    HAL_PWREx_DisableBkUpReg                 0x08006d73   Thumb Code    50  stm32f4xx_hal_pwr_ex.o(.text)
    HAL_PWREx_EnableFlashPowerDown           0x08006da5   Thumb Code    10  stm32f4xx_hal_pwr_ex.o(.text)
    HAL_PWREx_DisableFlashPowerDown          0x08006daf   Thumb Code    10  stm32f4xx_hal_pwr_ex.o(.text)
    HAL_PWREx_ActivateOverDrive              0x08006db9   Thumb Code   112  stm32f4xx_hal_pwr_ex.o(.text)
    HAL_PWREx_DeactivateOverDrive            0x08006e29   Thumb Code   112  stm32f4xx_hal_pwr_ex.o(.text)
    HAL_PWREx_EnterUnderDriveSTOPMode        0x08006e99   Thumb Code   140  stm32f4xx_hal_pwr_ex.o(.text)
    HAL_RCC_DeInit                           0x08006f35   Thumb Code    96  stm32f4xx_hal_rcc.o(.text)
    HAL_RCC_OscConfig                        0x08006f95   Thumb Code  1016  stm32f4xx_hal_rcc.o(.text)
    HAL_RCC_ClockConfig                      0x0800738d   Thumb Code   612  stm32f4xx_hal_rcc.o(.text)
    HAL_RCC_MCOConfig                        0x080075f1   Thumb Code   146  stm32f4xx_hal_rcc.o(.text)
    HAL_RCC_EnableCSS                        0x08007683   Thumb Code     8  stm32f4xx_hal_rcc.o(.text)
    HAL_RCC_DisableCSS                       0x0800768b   Thumb Code     8  stm32f4xx_hal_rcc.o(.text)
    HAL_RCC_GetSysClockFreq                  0x08007693   Thumb Code   214  stm32f4xx_hal_rcc.o(.text)
    HAL_RCC_GetHCLKFreq                      0x08007769   Thumb Code    42  stm32f4xx_hal_rcc.o(.text)
    HAL_RCC_GetPCLK1Freq                     0x08007793   Thumb Code    36  stm32f4xx_hal_rcc.o(.text)
    HAL_RCC_GetPCLK2Freq                     0x080077b7   Thumb Code    36  stm32f4xx_hal_rcc.o(.text)
    HAL_RCC_GetOscConfig                     0x080077db   Thumb Code   296  stm32f4xx_hal_rcc.o(.text)
    HAL_RCC_GetClockConfig                   0x08007903   Thumb Code    58  stm32f4xx_hal_rcc.o(.text)
    HAL_RCC_CCSCallback                      0x0800793d   Thumb Code     2  stm32f4xx_hal_rcc.o(.text)
    HAL_RCC_NMI_IRQHandler                   0x0800793f   Thumb Code    30  stm32f4xx_hal_rcc.o(.text)
    HAL_UART_Init                            0x08007b93   Thumb Code   106  stm32f4xx_hal_uart.o(.text)
    HAL_HalfDuplex_Init                      0x08007bfd   Thumb Code   110  stm32f4xx_hal_uart.o(.text)
    HAL_LIN_Init                             0x08007c6b   Thumb Code   134  stm32f4xx_hal_uart.o(.text)
    HAL_MultiProcessor_Init                  0x08007cf1   Thumb Code   146  stm32f4xx_hal_uart.o(.text)
    HAL_UART_DeInit                          0x08007d85   Thumb Code    52  stm32f4xx_hal_uart.o(.text)
    HAL_UART_Transmit                        0x08007eb3   Thumb Code   242  stm32f4xx_hal_uart.o(.text)
    HAL_UART_Receive                         0x08007fa5   Thumb Code   250  stm32f4xx_hal_uart.o(.text)
    HAL_UART_Transmit_IT                     0x0800809f   Thumb Code   136  stm32f4xx_hal_uart.o(.text)
    HAL_UART_Receive_IT                      0x08008127   Thumb Code   136  stm32f4xx_hal_uart.o(.text)
    HAL_UART_TxHalfCpltCallback              0x080081d5   Thumb Code     2  stm32f4xx_hal_uart.o(.text)
    HAL_UART_TxCpltCallback                  0x080081e5   Thumb Code     2  stm32f4xx_hal_uart.o(.text)
    HAL_UART_Transmit_DMA                    0x0800824b   Thumb Code   150  stm32f4xx_hal_uart.o(.text)
    HAL_UART_RxHalfCpltCallback              0x080082e1   Thumb Code     2  stm32f4xx_hal_uart.o(.text)
    HAL_UART_RxCpltCallback                  0x080082f1   Thumb Code     2  stm32f4xx_hal_uart.o(.text)
    HAL_UART_Receive_DMA                     0x08008331   Thumb Code   148  stm32f4xx_hal_uart.o(.text)
    HAL_UART_DMAPause                        0x080083c5   Thumb Code   114  stm32f4xx_hal_uart.o(.text)
    HAL_UART_DMAResume                       0x08008437   Thumb Code   138  stm32f4xx_hal_uart.o(.text)
    HAL_UART_DMAStop                         0x080084c1   Thumb Code    58  stm32f4xx_hal_uart.o(.text)
    HAL_UART_IRQHandler                      0x08008667   Thumb Code   278  stm32f4xx_hal_uart.o(.text)
    HAL_LIN_SendBreak                        0x0800877d   Thumb Code    62  stm32f4xx_hal_uart.o(.text)
    HAL_MultiProcessor_EnterMuteMode         0x080087bb   Thumb Code    62  stm32f4xx_hal_uart.o(.text)
    HAL_MultiProcessor_ExitMuteMode          0x080087f9   Thumb Code    62  stm32f4xx_hal_uart.o(.text)
    HAL_HalfDuplex_EnableTransmitter         0x08008837   Thumb Code    68  stm32f4xx_hal_uart.o(.text)
    HAL_HalfDuplex_EnableReceiver            0x0800887b   Thumb Code    68  stm32f4xx_hal_uart.o(.text)
    HAL_UART_GetState                        0x080088bf   Thumb Code     8  stm32f4xx_hal_uart.o(.text)
    HAL_UART_GetError                        0x080088c7   Thumb Code     8  stm32f4xx_hal_uart.o(.text)
    Reset_Handler                            0x080088d1   Thumb Code     8  startup_stm32f429xx.o(.text)
    ADC_IRQHandler                           0x080088eb   Thumb Code     0  startup_stm32f429xx.o(.text)
    CAN1_RX0_IRQHandler                      0x080088eb   Thumb Code     0  startup_stm32f429xx.o(.text)
    CAN1_RX1_IRQHandler                      0x080088eb   Thumb Code     0  startup_stm32f429xx.o(.text)
    CAN1_SCE_IRQHandler                      0x080088eb   Thumb Code     0  startup_stm32f429xx.o(.text)
    CAN1_TX_IRQHandler                       0x080088eb   Thumb Code     0  startup_stm32f429xx.o(.text)
    CAN2_RX0_IRQHandler                      0x080088eb   Thumb Code     0  startup_stm32f429xx.o(.text)
    CAN2_RX1_IRQHandler                      0x080088eb   Thumb Code     0  startup_stm32f429xx.o(.text)
    CAN2_SCE_IRQHandler                      0x080088eb   Thumb Code     0  startup_stm32f429xx.o(.text)
    CAN2_TX_IRQHandler                       0x080088eb   Thumb Code     0  startup_stm32f429xx.o(.text)
    DCMI_IRQHandler                          0x080088eb   Thumb Code     0  startup_stm32f429xx.o(.text)
    DMA1_Stream0_IRQHandler                  0x080088eb   Thumb Code     0  startup_stm32f429xx.o(.text)
    DMA1_Stream1_IRQHandler                  0x080088eb   Thumb Code     0  startup_stm32f429xx.o(.text)
    DMA1_Stream2_IRQHandler                  0x080088eb   Thumb Code     0  startup_stm32f429xx.o(.text)
    DMA1_Stream3_IRQHandler                  0x080088eb   Thumb Code     0  startup_stm32f429xx.o(.text)
    DMA1_Stream4_IRQHandler                  0x080088eb   Thumb Code     0  startup_stm32f429xx.o(.text)
    DMA1_Stream5_IRQHandler                  0x080088eb   Thumb Code     0  startup_stm32f429xx.o(.text)
    DMA1_Stream6_IRQHandler                  0x080088eb   Thumb Code     0  startup_stm32f429xx.o(.text)
    DMA1_Stream7_IRQHandler                  0x080088eb   Thumb Code     0  startup_stm32f429xx.o(.text)
    DMA2D_IRQHandler                         0x080088eb   Thumb Code     0  startup_stm32f429xx.o(.text)
    DMA2_Stream0_IRQHandler                  0x080088eb   Thumb Code     0  startup_stm32f429xx.o(.text)
    DMA2_Stream1_IRQHandler                  0x080088eb   Thumb Code     0  startup_stm32f429xx.o(.text)
    DMA2_Stream2_IRQHandler                  0x080088eb   Thumb Code     0  startup_stm32f429xx.o(.text)
    DMA2_Stream3_IRQHandler                  0x080088eb   Thumb Code     0  startup_stm32f429xx.o(.text)
    DMA2_Stream4_IRQHandler                  0x080088eb   Thumb Code     0  startup_stm32f429xx.o(.text)
    DMA2_Stream5_IRQHandler                  0x080088eb   Thumb Code     0  startup_stm32f429xx.o(.text)
    DMA2_Stream6_IRQHandler                  0x080088eb   Thumb Code     0  startup_stm32f429xx.o(.text)
    DMA2_Stream7_IRQHandler                  0x080088eb   Thumb Code     0  startup_stm32f429xx.o(.text)
    ETH_IRQHandler                           0x080088eb   Thumb Code     0  startup_stm32f429xx.o(.text)
    ETH_WKUP_IRQHandler                      0x080088eb   Thumb Code     0  startup_stm32f429xx.o(.text)
    EXTI0_IRQHandler                         0x080088eb   Thumb Code     0  startup_stm32f429xx.o(.text)
    EXTI15_10_IRQHandler                     0x080088eb   Thumb Code     0  startup_stm32f429xx.o(.text)
    EXTI1_IRQHandler                         0x080088eb   Thumb Code     0  startup_stm32f429xx.o(.text)
    EXTI2_IRQHandler                         0x080088eb   Thumb Code     0  startup_stm32f429xx.o(.text)
    EXTI3_IRQHandler                         0x080088eb   Thumb Code     0  startup_stm32f429xx.o(.text)
    EXTI4_IRQHandler                         0x080088eb   Thumb Code     0  startup_stm32f429xx.o(.text)
    EXTI9_5_IRQHandler                       0x080088eb   Thumb Code     0  startup_stm32f429xx.o(.text)
    FLASH_IRQHandler                         0x080088eb   Thumb Code     0  startup_stm32f429xx.o(.text)
    FMC_IRQHandler                           0x080088eb   Thumb Code     0  startup_stm32f429xx.o(.text)
    FPU_IRQHandler                           0x080088eb   Thumb Code     0  startup_stm32f429xx.o(.text)
    HASH_RNG_IRQHandler                      0x080088eb   Thumb Code     0  startup_stm32f429xx.o(.text)
    I2C1_ER_IRQHandler                       0x080088eb   Thumb Code     0  startup_stm32f429xx.o(.text)
    I2C1_EV_IRQHandler                       0x080088eb   Thumb Code     0  startup_stm32f429xx.o(.text)
    I2C2_ER_IRQHandler                       0x080088eb   Thumb Code     0  startup_stm32f429xx.o(.text)
    I2C2_EV_IRQHandler                       0x080088eb   Thumb Code     0  startup_stm32f429xx.o(.text)
    I2C3_ER_IRQHandler                       0x080088eb   Thumb Code     0  startup_stm32f429xx.o(.text)
    I2C3_EV_IRQHandler                       0x080088eb   Thumb Code     0  startup_stm32f429xx.o(.text)
    LTDC_ER_IRQHandler                       0x080088eb   Thumb Code     0  startup_stm32f429xx.o(.text)
    LTDC_IRQHandler                          0x080088eb   Thumb Code     0  startup_stm32f429xx.o(.text)
    OTG_FS_IRQHandler                        0x080088eb   Thumb Code     0  startup_stm32f429xx.o(.text)
    OTG_FS_WKUP_IRQHandler                   0x080088eb   Thumb Code     0  startup_stm32f429xx.o(.text)
    OTG_HS_EP1_IN_IRQHandler                 0x080088eb   Thumb Code     0  startup_stm32f429xx.o(.text)
    OTG_HS_EP1_OUT_IRQHandler                0x080088eb   Thumb Code     0  startup_stm32f429xx.o(.text)
    OTG_HS_IRQHandler                        0x080088eb   Thumb Code     0  startup_stm32f429xx.o(.text)
    OTG_HS_WKUP_IRQHandler                   0x080088eb   Thumb Code     0  startup_stm32f429xx.o(.text)
    PVD_IRQHandler                           0x080088eb   Thumb Code     0  startup_stm32f429xx.o(.text)
    RCC_IRQHandler                           0x080088eb   Thumb Code     0  startup_stm32f429xx.o(.text)
    RTC_Alarm_IRQHandler                     0x080088eb   Thumb Code     0  startup_stm32f429xx.o(.text)
    RTC_WKUP_IRQHandler                      0x080088eb   Thumb Code     0  startup_stm32f429xx.o(.text)
    SAI1_IRQHandler                          0x080088eb   Thumb Code     0  startup_stm32f429xx.o(.text)
    SDIO_IRQHandler                          0x080088eb   Thumb Code     0  startup_stm32f429xx.o(.text)
    SPI1_IRQHandler                          0x080088eb   Thumb Code     0  startup_stm32f429xx.o(.text)
    SPI2_IRQHandler                          0x080088eb   Thumb Code     0  startup_stm32f429xx.o(.text)
    SPI3_IRQHandler                          0x080088eb   Thumb Code     0  startup_stm32f429xx.o(.text)
    SPI4_IRQHandler                          0x080088eb   Thumb Code     0  startup_stm32f429xx.o(.text)
    SPI5_IRQHandler                          0x080088eb   Thumb Code     0  startup_stm32f429xx.o(.text)
    SPI6_IRQHandler                          0x080088eb   Thumb Code     0  startup_stm32f429xx.o(.text)
    TAMP_STAMP_IRQHandler                    0x080088eb   Thumb Code     0  startup_stm32f429xx.o(.text)
    TIM1_BRK_TIM9_IRQHandler                 0x080088eb   Thumb Code     0  startup_stm32f429xx.o(.text)
    TIM1_CC_IRQHandler                       0x080088eb   Thumb Code     0  startup_stm32f429xx.o(.text)
    TIM1_TRG_COM_TIM11_IRQHandler            0x080088eb   Thumb Code     0  startup_stm32f429xx.o(.text)
    TIM1_UP_TIM10_IRQHandler                 0x080088eb   Thumb Code     0  startup_stm32f429xx.o(.text)
    TIM2_IRQHandler                          0x080088eb   Thumb Code     0  startup_stm32f429xx.o(.text)
    TIM3_IRQHandler                          0x080088eb   Thumb Code     0  startup_stm32f429xx.o(.text)
    TIM4_IRQHandler                          0x080088eb   Thumb Code     0  startup_stm32f429xx.o(.text)
    TIM5_IRQHandler                          0x080088eb   Thumb Code     0  startup_stm32f429xx.o(.text)
    TIM6_DAC_IRQHandler                      0x080088eb   Thumb Code     0  startup_stm32f429xx.o(.text)
    TIM7_IRQHandler                          0x080088eb   Thumb Code     0  startup_stm32f429xx.o(.text)
    TIM8_BRK_TIM12_IRQHandler                0x080088eb   Thumb Code     0  startup_stm32f429xx.o(.text)
    TIM8_CC_IRQHandler                       0x080088eb   Thumb Code     0  startup_stm32f429xx.o(.text)
    TIM8_TRG_COM_TIM14_IRQHandler            0x080088eb   Thumb Code     0  startup_stm32f429xx.o(.text)
    TIM8_UP_TIM13_IRQHandler                 0x080088eb   Thumb Code     0  startup_stm32f429xx.o(.text)
    UART4_IRQHandler                         0x080088eb   Thumb Code     0  startup_stm32f429xx.o(.text)
    UART5_IRQHandler                         0x080088eb   Thumb Code     0  startup_stm32f429xx.o(.text)
    UART7_IRQHandler                         0x080088eb   Thumb Code     0  startup_stm32f429xx.o(.text)
    UART8_IRQHandler                         0x080088eb   Thumb Code     0  startup_stm32f429xx.o(.text)
    USART1_IRQHandler                        0x080088eb   Thumb Code     0  startup_stm32f429xx.o(.text)
    USART2_IRQHandler                        0x080088eb   Thumb Code     0  startup_stm32f429xx.o(.text)
    WWDG_IRQHandler                          0x080088eb   Thumb Code     0  startup_stm32f429xx.o(.text)
    SystemInit                               0x080088f5   Thumb Code    82  system_stm32f4xx.o(.text)
    SystemCoreClockUpdate                    0x08008947   Thumb Code   174  system_stm32f4xx.o(.text)
    strlen                                   0x08008a15   Thumb Code    14  strlen.o(.text)
    __aeabi_uidiv                            0x08008a23   Thumb Code     0  uidiv.o(.text)
    __aeabi_uidivmod                         0x08008a23   Thumb Code    44  uidiv.o(.text)
    __aeabi_uldivmod                         0x08008a4f   Thumb Code    98  uldiv.o(.text)
    __I$use$fp                               0x08008ab1   Thumb Code     0  iusefp.o(.text)
    __aeabi_dadd                             0x08008ab1   Thumb Code   322  dadd.o(.text)
    __aeabi_dsub                             0x08008bf3   Thumb Code     6  dadd.o(.text)
    __aeabi_drsub                            0x08008bf9   Thumb Code     6  dadd.o(.text)
    __aeabi_dmul                             0x08008bff   Thumb Code   228  dmul.o(.text)
    __aeabi_ddiv                             0x08008ce3   Thumb Code   222  ddiv.o(.text)
    __aeabi_d2ulz                            0x08008dc1   Thumb Code    48  dfixul.o(.text)
    __aeabi_cdrcmple                         0x08008df1   Thumb Code    48  cdrcmple.o(.text)
    __scatterload                            0x08008e21   Thumb Code    28  init.o(.text)
    __scatterload_rt2                        0x08008e21   Thumb Code     0  init.o(.text)
    __aeabi_llsl                             0x08008e45   Thumb Code    30  llshl.o(.text)
    _ll_shift_l                              0x08008e45   Thumb Code     0  llshl.o(.text)
    __aeabi_llsr                             0x08008e63   Thumb Code    32  llushr.o(.text)
    _ll_ushift_r                             0x08008e63   Thumb Code     0  llushr.o(.text)
    __aeabi_lasr                             0x08008e83   Thumb Code    36  llsshr.o(.text)
    _ll_sshift_r                             0x08008e83   Thumb Code     0  llsshr.o(.text)
    _double_round                            0x08008ea7   Thumb Code    30  depilogue.o(.text)
    _double_epilogue                         0x08008ec5   Thumb Code   156  depilogue.o(.text)
    __0printf$bare                           0x08008f61   Thumb Code     8  printfb.o(i.__0printf$bare)
    __1printf$bare                           0x08008f61   Thumb Code     0  printfb.o(i.__0printf$bare)
    __2printf                                0x08008f61   Thumb Code     0  printfb.o(i.__0printf$bare)
    __0vsprintf                              0x08008f71   Thumb Code    30  printfa.o(i.__0vsprintf)
    __1vsprintf                              0x08008f71   Thumb Code     0  printfa.o(i.__0vsprintf)
    __2vsprintf                              0x08008f71   Thumb Code     0  printfa.o(i.__0vsprintf)
    __c89vsprintf                            0x08008f71   Thumb Code     0  printfa.o(i.__0vsprintf)
    vsprintf                                 0x08008f71   Thumb Code     0  printfa.o(i.__0vsprintf)
    __scatterload_copy                       0x08008f95   Thumb Code    14  handlers.o(i.__scatterload_copy)
    __scatterload_null                       0x08008fa3   Thumb Code     2  handlers.o(i.__scatterload_null)
    __scatterload_zeroinit                   0x08008fa5   Thumb Code    14  handlers.o(i.__scatterload_zeroinit)
    putc                                     0x08009875   Thumb Code     4  putc.o(i.putc)
    GPIO_PIN                                 0x08009878   Data           8  stm324x9i_eval.o(.constdata)
    COM_TX_PIN                               0x08009880   Data           4  stm324x9i_eval.o(.constdata)
    COM_RX_PIN                               0x08009884   Data           4  stm324x9i_eval.o(.constdata)
    COM_TX_AF                                0x08009888   Data           4  stm324x9i_eval.o(.constdata)
    COM_RX_AF                                0x0800988c   Data           4  stm324x9i_eval.o(.constdata)
    APBAHBPrescTable                         0x08009890   Data          16  stm32f4xx_hal_rcc.o(.constdata)
    Region$$Table$$Base                      0x080098a0   Number         0  anon$$obj.o(Region$$Table)
    Region$$Table$$Limit                     0x080098c0   Number         0  anon$$obj.o(Region$$Table)
    GPIO_PORT                                0x20000000   Data          16  stm324x9i_eval.o(.data)
    COM_USART                                0x20000010   Data           8  stm324x9i_eval.o(.data)
    COM_TX_PORT                              0x20000018   Data           8  stm324x9i_eval.o(.data)
    COM_RX_PORT                              0x20000020   Data           8  stm324x9i_eval.o(.data)
    GetChBuf                                 0x20000028   Data           2  stm324x9i_eval.o(.data)
    SystemCoreClock                          0x20000030   Data           4  system_stm32f4xx.o(.data)
    AHBPrescTable                            0x20000034   Data          16  system_stm32f4xx.o(.data)
    __stdout                                 0x20000044   Data           4  stdout.o(.data)
    UartHandle1                              0x20000048   Data          60  stm324x9i_eval.o(.bss)
    UartHandle2                              0x20000084   Data          60  stm324x9i_eval.o(.bss)
    __initial_sp                             0x200004c0   Data           0  startup_stm32f429xx.o(STACK)



==============================================================================

Memory Map of the image

  Image Entry point : 0x080001ad

  Load Region LR_IROM1 (Base: 0x08000000, Size: 0x00009908, Max: 0x00200000, ABSOLUTE)

    Execution Region ER_IROM1 (Base: 0x08000000, Size: 0x000098c0, Max: 0x00200000, ABSOLUTE)

    Base Addr    Size         Type   Attr      Idx    E Section Name        Object

    0x08000000   0x000001ac   Data   RO          467    RESET               startup_stm32f429xx.o
    0x080001ac   0x00000000   Code   RO          502  * .ARM.Collect$$$$00000000  mc_w.l(entry.o)
    0x080001ac   0x00000004   Code   RO          770    .ARM.Collect$$$$00000001  mc_w.l(entry2.o)
    0x080001b0   0x00000004   Code   RO          773    .ARM.Collect$$$$00000004  mc_w.l(entry5.o)
    0x080001b4   0x00000000   Code   RO          775    .ARM.Collect$$$$00000008  mc_w.l(entry7b.o)
    0x080001b4   0x00000000   Code   RO          777    .ARM.Collect$$$$0000000A  mc_w.l(entry8b.o)
    0x080001b4   0x00000008   Code   RO          778    .ARM.Collect$$$$0000000B  mc_w.l(entry9a.o)
    0x080001bc   0x00000000   Code   RO          780    .ARM.Collect$$$$0000000D  mc_w.l(entry10a.o)
    0x080001bc   0x00000000   Code   RO          782    .ARM.Collect$$$$0000000F  mc_w.l(entry11a.o)
    0x080001bc   0x00000004   Code   RO          771    .ARM.Collect$$$$00002712  mc_w.l(entry2.o)
    0x080001c0   0x00000150   Code   RO            4    .text               main.o
    0x08000310   0x000000b0   Code   RO          125    .text               stm32f4xx_hal_msp.o
    0x080003c0   0x00000038   Code   RO          149    .text               stm32f4xx_it.o
    0x080003f8   0x000002cc   Code   RO          177    .text               stm324x9i_eval.o
    0x080006c4   0x00000194   Code   RO          219    .text               stm32f4xx_hal.o
    0x08000858   0x000002c4   Code   RO          245    .text               stm32f4xx_hal_cortex.o
    0x08000b1c   0x00005ee8   Code   RO          273    .text               stm32f4xx_hal_dma.o
    0x08006a04   0x0000033c   Code   RO          321    .text               stm32f4xx_hal_gpio.o
    0x08006d40   0x000001f4   Code   RO          369    .text               stm32f4xx_hal_pwr_ex.o
    0x08006f34   0x00000a3c   Code   RO          393    .text               stm32f4xx_hal_rcc.o
    0x08007970   0x00000f5e   Code   RO          444    .text               stm32f4xx_hal_uart.o
    0x080088ce   0x00000002   PAD
    0x080088d0   0x00000024   Code   RO          468    .text               startup_stm32f429xx.o
    0x080088f4   0x00000120   Code   RO          475    .text               system_stm32f4xx.o
    0x08008a14   0x0000000e   Code   RO          508    .text               mc_w.l(strlen.o)
    0x08008a22   0x0000002c   Code   RO          784    .text               mc_w.l(uidiv.o)
    0x08008a4e   0x00000062   Code   RO          786    .text               mc_w.l(uldiv.o)
    0x08008ab0   0x00000000   Code   RO          788    .text               mc_w.l(iusefp.o)
    0x08008ab0   0x0000014e   Code   RO          789    .text               mf_w.l(dadd.o)
    0x08008bfe   0x000000e4   Code   RO          791    .text               mf_w.l(dmul.o)
    0x08008ce2   0x000000de   Code   RO          793    .text               mf_w.l(ddiv.o)
    0x08008dc0   0x00000030   Code   RO          795    .text               mf_w.l(dfixul.o)
    0x08008df0   0x00000030   Code   RO          797    .text               mf_w.l(cdrcmple.o)
    0x08008e20   0x00000024   Code   RO          799    .text               mc_w.l(init.o)
    0x08008e44   0x0000001e   Code   RO          801    .text               mc_w.l(llshl.o)
    0x08008e62   0x00000020   Code   RO          803    .text               mc_w.l(llushr.o)
    0x08008e82   0x00000024   Code   RO          805    .text               mc_w.l(llsshr.o)
    0x08008ea6   0x000000ba   Code   RO          807    .text               mf_w.l(depilogue.o)
    0x08008f60   0x00000010   Code   RO          511    i.__0printf$bare    mc_w.l(printfb.o)
    0x08008f70   0x00000024   Code   RO          749    i.__0vsprintf       mc_w.l(printfa.o)
    0x08008f94   0x0000000e   Code   RO          811    i.__scatterload_copy  mc_w.l(handlers.o)
    0x08008fa2   0x00000002   Code   RO          812    i.__scatterload_null  mc_w.l(handlers.o)
    0x08008fa4   0x0000000e   Code   RO          813    i.__scatterload_zeroinit  mc_w.l(handlers.o)
    0x08008fb2   0x00000002   PAD
    0x08008fb4   0x00000164   Code   RO          750    i._fp_digits        mc_w.l(printfa.o)
    0x08009118   0x00000022   Code   RO          518    i._printf_core      mc_w.l(printfb.o)
    0x0800913a   0x00000002   PAD
    0x0800913c   0x000006dc   Code   RO          751    i._printf_core      mc_w.l(printfa.o)
    0x08009818   0x00000024   Code   RO          752    i._printf_post_padding  mc_w.l(printfa.o)
    0x0800983c   0x0000002e   Code   RO          753    i._printf_pre_padding  mc_w.l(printfa.o)
    0x0800986a   0x0000000a   Code   RO          755    i._sputc            mc_w.l(printfa.o)
    0x08009874   0x00000004   Code   RO          505    i.putc              mc_w.l(putc.o)
    0x08009878   0x00000018   Data   RO          179    .constdata          stm324x9i_eval.o
    0x08009890   0x00000010   Data   RO          394    .constdata          stm32f4xx_hal_rcc.o
    0x080098a0   0x00000020   Data   RO          809    Region$$Table       anon$$obj.o


    Execution Region RW_IRAM1 (Base: 0x20000000, Size: 0x000004c0, Max: 0x00030000, ABSOLUTE)

    Base Addr    Size         Type   Attr      Idx    E Section Name        Object

    0x20000000   0x0000002a   Data   RW          180    .data               stm324x9i_eval.o
    0x2000002a   0x00000002   PAD
    0x2000002c   0x00000004   Data   RW          220    .data               stm32f4xx_hal.o
    0x20000030   0x00000014   Data   RW          476    .data               system_stm32f4xx.o
    0x20000044   0x00000004   Data   RW          507    .data               mc_w.l(stdout.o)
    0x20000048   0x00000078   Zero   RW          178    .bss                stm324x9i_eval.o
    0x200000c0   0x00000400   Zero   RW          465    STACK               startup_stm32f429xx.o

